/Users/monitsharma/.local/share/uv/python/cpython-3.10.16-macos-aarch64-none/lib/python3.10/runpy.py:126: RuntimeWarning: 'mettleq.midpoint_mpo' found in sys.modules after import of package 'mettleq', but prior to execution of 'mettleq.midpoint_mpo'; this may result in unpredictable behaviour
  warn(RuntimeWarning(msg))
[cycle 1] 8/1885 work gates after 16s
[cycle 2] 13/1885 work gates after 31s
[cycle 3] 15/1885 work gates after 43s
[cycle 4] 30/1885 work gates after 57s
[cycle 5] 38/1885 work gates after 75s
[cycle 6] 57/1885 work gates after 89s
[cycle 7] 68/1885 work gates after 101s
[cycle 8] 72/1885 work gates after 116s
[cycle 9] 76/1885 work gates after 128s
[cycle 10] 83/1885 work gates after 143s
[cycle 11] 87/1885 work gates after 154s
[cycle 12] 123/1885 work gates after 174s
[cycle 13] 141/1885 work gates after 189s
[cycle 14] 146/1885 work gates after 201s
[cycle 15] 156/1885 work gates after 214s
[cycle 16] 166/1885 work gates after 226s
[cycle 17] 179/1885 work gates after 239s
[cycle 18] 191/1885 work gates after 249s
/tmp/peaked-mpo-solver-reference-20260716/.venv/lib/python3.10/site-packages/quimb/tensor/decomp.py:363: UserWarning: Got: Internal algorithm failed to converge., falling back to scipy gesvd driver.
  warnings.warn(f"Got: {e}, falling back to scipy gesvd driver.")
[cycle 19] 197/1885 work gates after 261s
[cycle 20] 199/1885 work gates after 271s
[cycle 21] 201/1885 work gates after 280s
[cycle 22] 203/1885 work gates after 292s
[cycle 23] 229/1885 work gates after 327s
[cycle 24] 239/1885 work gates after 340s
[cycle 25] 242/1885 work gates after 353s
[cycle 26] 250/1885 work gates after 367s
[cycle 27] 265/1885 work gates after 387s
[cycle 28] 269/1885 work gates after 398s
[cycle 29] 277/1885 work gates after 411s
[cycle 30] 283/1885 work gates after 421s
[cycle 31] 288/1885 work gates after 431s
[cycle 32] 321/1885 work gates after 446s
[cycle 33] 405/1885 work gates after 464s
[cycle 34] 486/1885 work gates after 481s
[cycle 35] 522/1885 work gates after 495s
[cycle 36] 566/1885 work gates after 505s
[cycle 37] 596/1885 work gates after 523s
[cycle 38] 650/1885 work gates after 541s
[cycle 39] 677/1885 work gates after 556s
[cycle 40] 688/1885 work gates after 566s
[cycle 41] 696/1885 work gates after 577s
[cycle 42] 707/1885 work gates after 586s
[cycle 43] 737/1885 work gates after 601s
[cycle 44] 749/1885 work gates after 617s
[cycle 45] 810/1885 work gates after 632s
[cycle 46] 866/1885 work gates after 650s
[cycle 47] 890/1885 work gates after 661s
[cycle 48] 941/1885 work gates after 678s
[cycle 49] 998/1885 work gates after 694s
[cycle 50] 1088/1885 work gates after 714s
[cycle 51] 1131/1885 work gates after 738s
[cycle 52] 1191/1885 work gates after 746s
[cycle 53] 1273/1885 work gates after 765s
[cycle 54] 1313/1885 work gates after 775s
[cycle 55] 1399/1885 work gates after 791s
[cycle 56] 1431/1885 work gates after 801s
[cycle 57] 1458/1885 work gates after 812s
[cycle 58] 1512/1885 work gates after 826s
[cycle 59] 1571/1885 work gates after 844s
[cycle 60] 1627/1885 work gates after 860s
[cycle 61] 1666/1885 work gates after 874s
[cycle 62] 1687/1885 work gates after 885s
[cycle 63] 1760/1885 work gates after 912s
[cycle 64] 1801/1885 work gates after 926s
[cycle 65] 1823/1885 work gates after 936s
[cycle 66] 1850/1885 work gates after 943s
/tmp/peaked-mpo-solver-reference-20260716/.venv/lib/python3.10/site-packages/cotengra/hyperoptimizers/hyper.py:55: UserWarning: Couldn't find `optuna`, `cmaes`, or `nevergrad` so will use completely random sampling in place of hyper-optimization. It is recommended to install one of these libraries for higher quality contraction paths.
  warnings.warn(
{
  "method": "midpoint_mpo_unswapping",
  "shots": 1000,
  "predicted_bitstring": "01101110111001100000100000001010011100101101010111110111",
  "expected_bitstring": "01101110111001100000100000001010011100101101010111110111",
  "expected_peak_count": 103,
  "expected_peak_fraction": 0.103,
  "matches_expected_bitstring": true,
  "compression_time_s": 947.2987317499937,
  "materialize_time_s": 0.016116124999825843,
  "sampling_time_s": 11.523044041998219,
  "total_time_s": 958.8378919169918,
  "measurement_permutation": [
    46,
    29,
    12,
    31,
    41,
    7,
    3,
    43,
    54,
    55,
    24,
    26,
    28,
    38,
    21,
    33,
    18,
    1,
    4,
    50,
    0,
    11,
    16,
    5,
    44,
    34,
    37,
    32,
    14,
    6,
    20,
    25,
    2,
    39,
    13,
    52,
    53,
    22,
    10,
    47,
    51,
    8,
    9,
    17,
    36,
    15,
    40,
    48,
    30,
    19,
    23,
    45,
    49,
    27,
    35,
    42
  ],
  "diagnostics": {
    "termination_reason": "completed",
    "termination_detail": null,
    "stall_mode": null,
    "work_gates_consumed": 1885,
    "total_work_gates": 1885,
    "peak_max_bond": 512.0,
    "peak_total_elements": 1030972.0,
    "stage_rows": {
      "rewiring": 134,
      "absorbing": 2878,
      "unswapping": 3084,
      "unswap_cycle_summary": 66,
      "cycle_progress": 66,
      "termination": 1,
      "timing_summary": 1
    },
    "initial_rewire_time_s": 2.3180201659997692,
    "initial_rewire_wall_time_s": 2.3180911670060595,
    "post_unswap_rewire_time_s": 132.90401825204026,
    "post_unswap_rewire_wall_time_s": 132.90854074903473,
    "absorb_probe_time_s": 364.2194289211475,
    "absorb_probe_wall_time_s": 365.91037234872056,
    "absorb_lookahead_time_s": 0.0,
    "unswap_time_s": 441.7273930400406,
    "rewire_time_s": 135.22203841804003,
    "accounted_time_s": 942.8598038068012,
    "rewire_wall_time_s": 135.2266319160408,
    "accounted_wall_time_s": 942.864397304802,
    "source_operation_count": 5807,
    "consolidated_operation_count": 1885,
    "final_max_bond": 16,
    "final_tensor_elements": 7988,
    "options": {
      "max_bond": 768,
      "cutoff": 0.0006,
      "unswap_threshold": 500000.0,
      "center_ratio": 0.5,
      "max_unswap_iterations": 20,
      "sabre_trials": 90,
      "post_sabre_trials": 50,
      "seed": 123,
      "abort_after_no_progress_unswap_cycles": 20,
      "max_unswap_cycles": null,
      "max_work_gates": null,
      "swap_gate_representation": "current",
      "reuse_full_swap_probe": true,
      "parallel_rewire": false,
      "parallel_absorb_probes": false
    },
    "implementation": "mettleq.midpoint_mpo",
    "vendor_reference_commit": "3bcdc1e5bfd6abb9425f71bd43e560d2b27f45c1",
    "qiskit_version": "1.4.5",
    "quimb_version": "1.11.2",
    "platform": "macOS-26.5.2-arm64-arm-64bit",
    "python": "3.10.16"
  }
}
